<?xml version="1.0" encoding="UTF-8"?>
<TestRun id="2b5e6d3e-82e6-4a67-9c61-7cf175ccd1a6" name="Evandro@EVANDRO-PC 2012-01-27 13:26:17" runUser="Evandro-PC\Evandro" xmlns="http://microsoft.com/schemas/VisualStudio/TeamTest/2010">
  <TestSettings name="Local" id="f8ab3fa1-021e-44e8-9007-33e97e796be4">
    <Description>These are default test settings for a local test run.</Description>
    <Deployment enabled="false" runDeploymentRoot="Evandro_EVANDRO-PC 2012-01-27 13_26_17" />
    <Execution>
      <TestTypeSpecific />
      <AgentRule name="Execution Agents">
      </AgentRule>
    </Execution>
  </TestSettings>
  <Times creation="2012-01-27T13:26:17.3211407-02:00" queuing="2012-01-27T13:26:17.4951507-02:00" start="2012-01-27T13:26:17.5241523-02:00" finish="2012-01-27T13:26:17.8861730-02:00" />
  <ResultSummary outcome="Completed">
    <Counters total="7" executed="7" passed="7" error="0" failed="0" timeout="0" aborted="0" inconclusive="0" passedButRunAborted="0" notRunnable="0" notExecuted="0" disconnected="0" warning="0" completed="0" inProgress="0" pending="0" />
  </ResultSummary>
  <TestDefinitions>
    <UnitTest name="TesteDojo" storage="c:\users\evandro\desktop\escrevendonocelular\escrevendonocelular\bin\debug\escrevendonocelular.dll" id="8f7a37e7-fe1f-1da2-ff3e-01f35301f85b">
      <Execution id="cc44f5f8-d0ed-419a-9908-933c05cdf25a" />
      <TestMethod codeBase="C:/Users/Evandro/Desktop/EscrevendoNoCelular/EscrevendoNoCelular/bin/Debug/EscrevendoNoCelular.DLL" adapterTypeName="Microsoft.VisualStudio.TestTools.TestTypes.Unit.UnitTestAdapter, Microsoft.VisualStudio.QualityTools.Tips.UnitTest.Adapter, Version=10.0.0.0, Culture=neutral, PublicKeyToken=b03f5f7f11d50a3a" className="EscrevendoNoCelular.UnitTest1, EscrevendoNoCelular, Version=1.0.0.0, Culture=neutral, PublicKeyToken=null" name="TesteDojo" />
    </UnitTest>
    <UnitTest name="DeveRetornar5ParaJ" storage="c:\users\evandro\desktop\escrevendonocelular\escrevendonocelular\bin\debug\escrevendonocelular.dll" id="50df4117-5178-5c09-6387-30fc32637acc">
      <Execution id="3a457f3f-6b5b-427a-9571-29439688a375" />
      <TestMethod codeBase="C:/Users/Evandro/Desktop/EscrevendoNoCelular/EscrevendoNoCelular/bin/Debug/EscrevendoNoCelular.DLL" adapterTypeName="Microsoft.VisualStudio.TestTools.TestTypes.Unit.UnitTestAdapter, Microsoft.VisualStudio.QualityTools.Tips.UnitTest.Adapter, Version=10.0.0.0, Culture=neutral, PublicKeyToken=b03f5f7f11d50a3a" className="EscrevendoNoCelular.UnitTest1, EscrevendoNoCelular, Version=1.0.0.0, Culture=neutral, PublicKeyToken=null" name="DeveRetornar5ParaJ" />
    </UnitTest>
    <UnitTest name="DeveRetornar3ParaD" storage="c:\users\evandro\desktop\escrevendonocelular\escrevendonocelular\bin\debug\escrevendonocelular.dll" id="7defdf68-08f2-317a-4a80-9a1c9b989a85">
      <Execution id="da4f22d6-7b1e-4896-96c7-2014d7117288" />
      <TestMethod codeBase="C:/Users/Evandro/Desktop/EscrevendoNoCelular/EscrevendoNoCelular/bin/Debug/EscrevendoNoCelular.DLL" adapterTypeName="Microsoft.VisualStudio.TestTools.TestTypes.Unit.UnitTestAdapter, Microsoft.VisualStudio.QualityTools.Tips.UnitTest.Adapter, Version=10.0.0.0, Culture=neutral, PublicKeyToken=b03f5f7f11d50a3a" className="EscrevendoNoCelular.UnitTest1, EscrevendoNoCelular, Version=1.0.0.0, Culture=neutral, PublicKeyToken=null" name="DeveRetornar3ParaD" />
    </UnitTest>
    <UnitTest name="DeveRetornar22ParaB" storage="c:\users\evandro\desktop\escrevendonocelular\escrevendonocelular\bin\debug\escrevendonocelular.dll" id="f52979f1-bbd7-da7b-69e4-57877008dccf">
      <Execution id="88cd5b25-15de-45f7-a638-e525437c1c92" />
      <TestMethod codeBase="C:/Users/Evandro/Desktop/EscrevendoNoCelular/EscrevendoNoCelular/bin/Debug/EscrevendoNoCelular.DLL" adapterTypeName="Microsoft.VisualStudio.TestTools.TestTypes.Unit.UnitTestAdapter, Microsoft.VisualStudio.QualityTools.Tips.UnitTest.Adapter, Version=10.0.0.0, Culture=neutral, PublicKeyToken=b03f5f7f11d50a3a" className="EscrevendoNoCelular.UnitTest1, EscrevendoNoCelular, Version=1.0.0.0, Culture=neutral, PublicKeyToken=null" name="DeveRetornar22ParaB" />
    </UnitTest>
    <UnitTest name="DeveRetornar222ParaC" storage="c:\users\evandro\desktop\escrevendonocelular\escrevendonocelular\bin\debug\escrevendonocelular.dll" id="64cd223a-7c3d-02f0-e53a-1e370d20db31">
      <Execution id="9952fc04-a126-4a44-8e34-5ae47eea0215" />
      <TestMethod codeBase="C:/Users/Evandro/Desktop/EscrevendoNoCelular/EscrevendoNoCelular/bin/Debug/EscrevendoNoCelular.DLL" adapterTypeName="Microsoft.VisualStudio.TestTools.TestTypes.Unit.UnitTestAdapter, Microsoft.VisualStudio.QualityTools.Tips.UnitTest.Adapter, Version=10.0.0.0, Culture=neutral, PublicKeyToken=b03f5f7f11d50a3a" className="EscrevendoNoCelular.UnitTest1, EscrevendoNoCelular, Version=1.0.0.0, Culture=neutral, PublicKeyToken=null" name="DeveRetornar222ParaC" />
    </UnitTest>
    <UnitTest name="TesteTecsystemTecnologiaEmSoftware" storage="c:\users\evandro\desktop\escrevendonocelular\escrevendonocelular\bin\debug\escrevendonocelular.dll" id="f00d0e02-3a30-9fd2-667f-e18e0e68c89b">
      <Execution id="653f6090-ea03-4257-80fd-9c3b3242d25e" />
      <TestMethod codeBase="C:/Users/Evandro/Desktop/EscrevendoNoCelular/EscrevendoNoCelular/bin/Debug/EscrevendoNoCelular.DLL" adapterTypeName="Microsoft.VisualStudio.TestTools.TestTypes.Unit.UnitTestAdapter, Microsoft.VisualStudio.QualityTools.Tips.UnitTest.Adapter, Version=10.0.0.0, Culture=neutral, PublicKeyToken=b03f5f7f11d50a3a" className="EscrevendoNoCelular.UnitTest1, EscrevendoNoCelular, Version=1.0.0.0, Culture=neutral, PublicKeyToken=null" name="TesteTecsystemTecnologiaEmSoftware" />
    </UnitTest>
    <UnitTest name="DeveRetornar2ParaA" storage="c:\users\evandro\desktop\escrevendonocelular\escrevendonocelular\bin\debug\escrevendonocelular.dll" id="a69c8959-0c41-eb3f-e599-c2634965f942">
      <Execution id="f146408b-e99b-44bc-8332-c91a589e9898" />
      <TestMethod codeBase="C:/Users/Evandro/Desktop/EscrevendoNoCelular/EscrevendoNoCelular/bin/Debug/EscrevendoNoCelular.DLL" adapterTypeName="Microsoft.VisualStudio.TestTools.TestTypes.Unit.UnitTestAdapter, Microsoft.VisualStudio.QualityTools.Tips.UnitTest.Adapter, Version=10.0.0.0, Culture=neutral, PublicKeyToken=b03f5f7f11d50a3a" className="EscrevendoNoCelular.UnitTest1, EscrevendoNoCelular, Version=1.0.0.0, Culture=neutral, PublicKeyToken=null" name="DeveRetornar2ParaA" />
    </UnitTest>
  </TestDefinitions>
  <TestLists>
    <TestList name="Results Not in a List" id="8c84fa94-04c1-424b-9868-57a2d4851a1d" />
    <TestList name="All Loaded Results" id="19431567-8539-422a-85d7-44ee4e166bda" />
  </TestLists>
  <TestEntries>
    <TestEntry testId="50df4117-5178-5c09-6387-30fc32637acc" executionId="3a457f3f-6b5b-427a-9571-29439688a375" testListId="8c84fa94-04c1-424b-9868-57a2d4851a1d" />
    <TestEntry testId="64cd223a-7c3d-02f0-e53a-1e370d20db31" executionId="9952fc04-a126-4a44-8e34-5ae47eea0215" testListId="8c84fa94-04c1-424b-9868-57a2d4851a1d" />
    <TestEntry testId="7defdf68-08f2-317a-4a80-9a1c9b989a85" executionId="da4f22d6-7b1e-4896-96c7-2014d7117288" testListId="8c84fa94-04c1-424b-9868-57a2d4851a1d" />
    <TestEntry testId="8f7a37e7-fe1f-1da2-ff3e-01f35301f85b" executionId="cc44f5f8-d0ed-419a-9908-933c05cdf25a" testListId="8c84fa94-04c1-424b-9868-57a2d4851a1d" />
    <TestEntry testId="a69c8959-0c41-eb3f-e599-c2634965f942" executionId="f146408b-e99b-44bc-8332-c91a589e9898" testListId="8c84fa94-04c1-424b-9868-57a2d4851a1d" />
    <TestEntry testId="f00d0e02-3a30-9fd2-667f-e18e0e68c89b" executionId="653f6090-ea03-4257-80fd-9c3b3242d25e" testListId="8c84fa94-04c1-424b-9868-57a2d4851a1d" />
    <TestEntry testId="f52979f1-bbd7-da7b-69e4-57877008dccf" executionId="88cd5b25-15de-45f7-a638-e525437c1c92" testListId="8c84fa94-04c1-424b-9868-57a2d4851a1d" />
  </TestEntries>
  <Results>
    <UnitTestResult executionId="3a457f3f-6b5b-427a-9571-29439688a375" testId="50df4117-5178-5c09-6387-30fc32637acc" testName="DeveRetornar5ParaJ" computerName="EVANDRO-PC" duration="00:00:00.0127206" startTime="2012-01-27T13:26:17.5251524-02:00" endTime="2012-01-27T13:26:17.7971679-02:00" testType="13cdc9d9-ddb5-4fa4-a97d-d965ccfc6d4b" outcome="Passed" testListId="8c84fa94-04c1-424b-9868-57a2d4851a1d" relativeResultsDirectory="3a457f3f-6b5b-427a-9571-29439688a375">
    </UnitTestResult>
    <UnitTestResult executionId="9952fc04-a126-4a44-8e34-5ae47eea0215" testId="64cd223a-7c3d-02f0-e53a-1e370d20db31" testName="DeveRetornar222ParaC" computerName="EVANDRO-PC" duration="00:00:00.0003059" startTime="2012-01-27T13:26:17.8051684-02:00" endTime="2012-01-27T13:26:17.8091686-02:00" testType="13cdc9d9-ddb5-4fa4-a97d-d965ccfc6d4b" outcome="Passed" testListId="8c84fa94-04c1-424b-9868-57a2d4851a1d" relativeResultsDirectory="9952fc04-a126-4a44-8e34-5ae47eea0215">
    </UnitTestResult>
    <UnitTestResult executionId="da4f22d6-7b1e-4896-96c7-2014d7117288" testId="7defdf68-08f2-317a-4a80-9a1c9b989a85" testName="DeveRetornar3ParaD" computerName="EVANDRO-PC" duration="00:00:00.0002868" startTime="2012-01-27T13:26:17.8151690-02:00" endTime="2012-01-27T13:26:17.8191692-02:00" testType="13cdc9d9-ddb5-4fa4-a97d-d965ccfc6d4b" outcome="Passed" testListId="8c84fa94-04c1-424b-9868-57a2d4851a1d" relativeResultsDirectory="da4f22d6-7b1e-4896-96c7-2014d7117288">
    </UnitTestResult>
    <UnitTestResult executionId="cc44f5f8-d0ed-419a-9908-933c05cdf25a" testId="8f7a37e7-fe1f-1da2-ff3e-01f35301f85b" testName="TesteDojo" computerName="EVANDRO-PC" duration="00:00:00.0002702" startTime="2012-01-27T13:26:17.8261696-02:00" endTime="2012-01-27T13:26:17.8301698-02:00" testType="13cdc9d9-ddb5-4fa4-a97d-d965ccfc6d4b" outcome="Passed" testListId="8c84fa94-04c1-424b-9868-57a2d4851a1d" relativeResultsDirectory="cc44f5f8-d0ed-419a-9908-933c05cdf25a">
    </UnitTestResult>
    <UnitTestResult executionId="f146408b-e99b-44bc-8332-c91a589e9898" testId="a69c8959-0c41-eb3f-e599-c2634965f942" testName="DeveRetornar2ParaA" computerName="EVANDRO-PC" duration="00:00:00.0003586" startTime="2012-01-27T13:26:17.8371702-02:00" endTime="2012-01-27T13:26:17.8431706-02:00" testType="13cdc9d9-ddb5-4fa4-a97d-d965ccfc6d4b" outcome="Passed" testListId="8c84fa94-04c1-424b-9868-57a2d4851a1d" relativeResultsDirectory="f146408b-e99b-44bc-8332-c91a589e9898">
    </UnitTestResult>
    <UnitTestResult executionId="653f6090-ea03-4257-80fd-9c3b3242d25e" testId="f00d0e02-3a30-9fd2-667f-e18e0e68c89b" testName="TesteTecsystemTecnologiaEmSoftware" computerName="EVANDRO-PC" duration="00:00:00.0003087" startTime="2012-01-27T13:26:17.8511710-02:00" endTime="2012-01-27T13:26:17.8541712-02:00" testType="13cdc9d9-ddb5-4fa4-a97d-d965ccfc6d4b" outcome="Passed" testListId="8c84fa94-04c1-424b-9868-57a2d4851a1d" relativeResultsDirectory="653f6090-ea03-4257-80fd-9c3b3242d25e">
    </UnitTestResult>
    <UnitTestResult executionId="88cd5b25-15de-45f7-a638-e525437c1c92" testId="f52979f1-bbd7-da7b-69e4-57877008dccf" testName="DeveRetornar22ParaB" computerName="EVANDRO-PC" duration="00:00:00.0003411" startTime="2012-01-27T13:26:17.8611716-02:00" endTime="2012-01-27T13:26:17.8671719-02:00" testType="13cdc9d9-ddb5-4fa4-a97d-d965ccfc6d4b" outcome="Passed" testListId="8c84fa94-04c1-424b-9868-57a2d4851a1d" relativeResultsDirectory="88cd5b25-15de-45f7-a638-e525437c1c92">
    </UnitTestResult>
  </Results>
</TestRun>