<?xml version="1.0" encoding="UTF-8"?>
<TestRun id="80127cee-ec72-45a2-861f-77ea7372307b" name="Evandro@EVANDRO-PC 2012-01-27 13:28:16" runUser="Evandro-PC\Evandro" xmlns="http://microsoft.com/schemas/VisualStudio/TeamTest/2010">
  <TestSettings name="Local" id="f8ab3fa1-021e-44e8-9007-33e97e796be4">
    <Description>These are default test settings for a local test run.</Description>
    <Deployment enabled="false" runDeploymentRoot="Evandro_EVANDRO-PC 2012-01-27 13_28_16" />
    <Execution>
      <TestTypeSpecific />
      <AgentRule name="Execution Agents">
      </AgentRule>
    </Execution>
  </TestSettings>
  <Times creation="2012-01-27T13:28:16.6949685-02:00" queuing="2012-01-27T13:28:16.8029747-02:00" start="2012-01-27T13:28:16.8259760-02:00" finish="2012-01-27T13:28:17.2199985-02:00" />
  <ResultSummary outcome="Completed">
    <Counters total="7" executed="7" passed="7" error="0" failed="0" timeout="0" aborted="0" inconclusive="0" passedButRunAborted="0" notRunnable="0" notExecuted="0" disconnected="0" warning="0" completed="0" inProgress="0" pending="0" />
  </ResultSummary>
  <TestDefinitions>
    <UnitTest name="TesteDojo" storage="c:\users\evandro\desktop\escrevendonocelular\escrevendonocelular\bin\debug\escrevendonocelular.dll" id="8f7a37e7-fe1f-1da2-ff3e-01f35301f85b">
      <Execution id="5147ca32-cbc1-4271-960a-5b4a9372a355" />
      <TestMethod codeBase="C:/Users/Evandro/Desktop/EscrevendoNoCelular/EscrevendoNoCelular/bin/Debug/EscrevendoNoCelular.DLL" adapterTypeName="Microsoft.VisualStudio.TestTools.TestTypes.Unit.UnitTestAdapter, Microsoft.VisualStudio.QualityTools.Tips.UnitTest.Adapter, Version=10.0.0.0, Culture=neutral, PublicKeyToken=b03f5f7f11d50a3a" className="EscrevendoNoCelular.UnitTest1, EscrevendoNoCelular, Version=1.0.0.0, Culture=neutral, PublicKeyToken=null" name="TesteDojo" />
    </UnitTest>
    <UnitTest name="DeveRetornar5ParaJ" storage="c:\users\evandro\desktop\escrevendonocelular\escrevendonocelular\bin\debug\escrevendonocelular.dll" id="50df4117-5178-5c09-6387-30fc32637acc">
      <Execution id="67b7ef1a-6371-4f30-9f9d-6f5124bec53f" />
      <TestMethod codeBase="C:/Users/Evandro/Desktop/EscrevendoNoCelular/EscrevendoNoCelular/bin/Debug/EscrevendoNoCelular.DLL" adapterTypeName="Microsoft.VisualStudio.TestTools.TestTypes.Unit.UnitTestAdapter, Microsoft.VisualStudio.QualityTools.Tips.UnitTest.Adapter, Version=10.0.0.0, Culture=neutral, PublicKeyToken=b03f5f7f11d50a3a" className="EscrevendoNoCelular.UnitTest1, EscrevendoNoCelular, Version=1.0.0.0, Culture=neutral, PublicKeyToken=null" name="DeveRetornar5ParaJ" />
    </UnitTest>
    <UnitTest name="DeveRetornar3ParaD" storage="c:\users\evandro\desktop\escrevendonocelular\escrevendonocelular\bin\debug\escrevendonocelular.dll" id="7defdf68-08f2-317a-4a80-9a1c9b989a85">
      <Execution id="6c3c0f16-df36-4acb-b8c3-f887550647d5" />
      <TestMethod codeBase="C:/Users/Evandro/Desktop/EscrevendoNoCelular/EscrevendoNoCelular/bin/Debug/EscrevendoNoCelular.DLL" adapterTypeName="Microsoft.VisualStudio.TestTools.TestTypes.Unit.UnitTestAdapter, Microsoft.VisualStudio.QualityTools.Tips.UnitTest.Adapter, Version=10.0.0.0, Culture=neutral, PublicKeyToken=b03f5f7f11d50a3a" className="EscrevendoNoCelular.UnitTest1, EscrevendoNoCelular, Version=1.0.0.0, Culture=neutral, PublicKeyToken=null" name="DeveRetornar3ParaD" />
    </UnitTest>
    <UnitTest name="DeveRetornar22ParaB" storage="c:\users\evandro\desktop\escrevendonocelular\escrevendonocelular\bin\debug\escrevendonocelular.dll" id="f52979f1-bbd7-da7b-69e4-57877008dccf">
      <Execution id="3b645a64-a096-42e4-a69f-dcb74cbb0951" />
      <TestMethod codeBase="C:/Users/Evandro/Desktop/EscrevendoNoCelular/EscrevendoNoCelular/bin/Debug/EscrevendoNoCelular.DLL" adapterTypeName="Microsoft.VisualStudio.TestTools.TestTypes.Unit.UnitTestAdapter, Microsoft.VisualStudio.QualityTools.Tips.UnitTest.Adapter, Version=10.0.0.0, Culture=neutral, PublicKeyToken=b03f5f7f11d50a3a" className="EscrevendoNoCelular.UnitTest1, EscrevendoNoCelular, Version=1.0.0.0, Culture=neutral, PublicKeyToken=null" name="DeveRetornar22ParaB" />
    </UnitTest>
    <UnitTest name="DeveRetornar222ParaC" storage="c:\users\evandro\desktop\escrevendonocelular\escrevendonocelular\bin\debug\escrevendonocelular.dll" id="64cd223a-7c3d-02f0-e53a-1e370d20db31">
      <Execution id="f0b28901-158b-4924-b73f-4747e525dc67" />
      <TestMethod codeBase="C:/Users/Evandro/Desktop/EscrevendoNoCelular/EscrevendoNoCelular/bin/Debug/EscrevendoNoCelular.DLL" adapterTypeName="Microsoft.VisualStudio.TestTools.TestTypes.Unit.UnitTestAdapter, Microsoft.VisualStudio.QualityTools.Tips.UnitTest.Adapter, Version=10.0.0.0, Culture=neutral, PublicKeyToken=b03f5f7f11d50a3a" className="EscrevendoNoCelular.UnitTest1, EscrevendoNoCelular, Version=1.0.0.0, Culture=neutral, PublicKeyToken=null" name="DeveRetornar222ParaC" />
    </UnitTest>
    <UnitTest name="TesteTecsystemTecnologiaEmSoftware" storage="c:\users\evandro\desktop\escrevendonocelular\escrevendonocelular\bin\debug\escrevendonocelular.dll" id="f00d0e02-3a30-9fd2-667f-e18e0e68c89b">
      <Execution id="f17b41be-c253-49f7-8d75-4a94fc77a060" />
      <TestMethod codeBase="C:/Users/Evandro/Desktop/EscrevendoNoCelular/EscrevendoNoCelular/bin/Debug/EscrevendoNoCelular.DLL" adapterTypeName="Microsoft.VisualStudio.TestTools.TestTypes.Unit.UnitTestAdapter, Microsoft.VisualStudio.QualityTools.Tips.UnitTest.Adapter, Version=10.0.0.0, Culture=neutral, PublicKeyToken=b03f5f7f11d50a3a" className="EscrevendoNoCelular.UnitTest1, EscrevendoNoCelular, Version=1.0.0.0, Culture=neutral, PublicKeyToken=null" name="TesteTecsystemTecnologiaEmSoftware" />
    </UnitTest>
    <UnitTest name="DeveRetornar2ParaA" storage="c:\users\evandro\desktop\escrevendonocelular\escrevendonocelular\bin\debug\escrevendonocelular.dll" id="a69c8959-0c41-eb3f-e599-c2634965f942">
      <Execution id="6896200e-39b8-4357-ac8f-1360d0c94327" />
      <TestMethod codeBase="C:/Users/Evandro/Desktop/EscrevendoNoCelular/EscrevendoNoCelular/bin/Debug/EscrevendoNoCelular.DLL" adapterTypeName="Microsoft.VisualStudio.TestTools.TestTypes.Unit.UnitTestAdapter, Microsoft.VisualStudio.QualityTools.Tips.UnitTest.Adapter, Version=10.0.0.0, Culture=neutral, PublicKeyToken=b03f5f7f11d50a3a" className="EscrevendoNoCelular.UnitTest1, EscrevendoNoCelular, Version=1.0.0.0, Culture=neutral, PublicKeyToken=null" name="DeveRetornar2ParaA" />
    </UnitTest>
  </TestDefinitions>
  <TestLists>
    <TestList name="Results Not in a List" id="8c84fa94-04c1-424b-9868-57a2d4851a1d" />
    <TestList name="All Loaded Results" id="19431567-8539-422a-85d7-44ee4e166bda" />
  </TestLists>
  <TestEntries>
    <TestEntry testId="50df4117-5178-5c09-6387-30fc32637acc" executionId="67b7ef1a-6371-4f30-9f9d-6f5124bec53f" testListId="8c84fa94-04c1-424b-9868-57a2d4851a1d" />
    <TestEntry testId="64cd223a-7c3d-02f0-e53a-1e370d20db31" executionId="f0b28901-158b-4924-b73f-4747e525dc67" testListId="8c84fa94-04c1-424b-9868-57a2d4851a1d" />
    <TestEntry testId="7defdf68-08f2-317a-4a80-9a1c9b989a85" executionId="6c3c0f16-df36-4acb-b8c3-f887550647d5" testListId="8c84fa94-04c1-424b-9868-57a2d4851a1d" />
    <TestEntry testId="8f7a37e7-fe1f-1da2-ff3e-01f35301f85b" executionId="5147ca32-cbc1-4271-960a-5b4a9372a355" testListId="8c84fa94-04c1-424b-9868-57a2d4851a1d" />
    <TestEntry testId="a69c8959-0c41-eb3f-e599-c2634965f942" executionId="6896200e-39b8-4357-ac8f-1360d0c94327" testListId="8c84fa94-04c1-424b-9868-57a2d4851a1d" />
    <TestEntry testId="f00d0e02-3a30-9fd2-667f-e18e0e68c89b" executionId="f17b41be-c253-49f7-8d75-4a94fc77a060" testListId="8c84fa94-04c1-424b-9868-57a2d4851a1d" />
    <TestEntry testId="f52979f1-bbd7-da7b-69e4-57877008dccf" executionId="3b645a64-a096-42e4-a69f-dcb74cbb0951" testListId="8c84fa94-04c1-424b-9868-57a2d4851a1d" />
  </TestEntries>
  <Results>
    <UnitTestResult executionId="67b7ef1a-6371-4f30-9f9d-6f5124bec53f" testId="50df4117-5178-5c09-6387-30fc32637acc" testName="DeveRetornar5ParaJ" computerName="EVANDRO-PC" duration="00:00:00.0130375" startTime="2012-01-27T13:28:16.8629781-02:00" endTime="2012-01-27T13:28:17.1169926-02:00" testType="13cdc9d9-ddb5-4fa4-a97d-d965ccfc6d4b" outcome="Passed" testListId="8c84fa94-04c1-424b-9868-57a2d4851a1d" relativeResultsDirectory="67b7ef1a-6371-4f30-9f9d-6f5124bec53f">
    </UnitTestResult>
    <UnitTestResult executionId="f0b28901-158b-4924-b73f-4747e525dc67" testId="64cd223a-7c3d-02f0-e53a-1e370d20db31" testName="DeveRetornar222ParaC" computerName="EVANDRO-PC" duration="00:00:00.0003979" startTime="2012-01-27T13:28:17.1279933-02:00" endTime="2012-01-27T13:28:17.1349937-02:00" testType="13cdc9d9-ddb5-4fa4-a97d-d965ccfc6d4b" outcome="Passed" testListId="8c84fa94-04c1-424b-9868-57a2d4851a1d" relativeResultsDirectory="f0b28901-158b-4924-b73f-4747e525dc67">
    </UnitTestResult>
    <UnitTestResult executionId="6c3c0f16-df36-4acb-b8c3-f887550647d5" testId="7defdf68-08f2-317a-4a80-9a1c9b989a85" testName="DeveRetornar3ParaD" computerName="EVANDRO-PC" duration="00:00:00.0003359" startTime="2012-01-27T13:28:17.1439942-02:00" endTime="2012-01-27T13:28:17.1479944-02:00" testType="13cdc9d9-ddb5-4fa4-a97d-d965ccfc6d4b" outcome="Passed" testListId="8c84fa94-04c1-424b-9868-57a2d4851a1d" relativeResultsDirectory="6c3c0f16-df36-4acb-b8c3-f887550647d5">
    </UnitTestResult>
    <UnitTestResult executionId="5147ca32-cbc1-4271-960a-5b4a9372a355" testId="8f7a37e7-fe1f-1da2-ff3e-01f35301f85b" testName="TesteDojo" computerName="EVANDRO-PC" duration="00:00:00.0002791" startTime="2012-01-27T13:28:17.1539947-02:00" endTime="2012-01-27T13:28:17.1569949-02:00" testType="13cdc9d9-ddb5-4fa4-a97d-d965ccfc6d4b" outcome="Passed" testListId="8c84fa94-04c1-424b-9868-57a2d4851a1d" relativeResultsDirectory="5147ca32-cbc1-4271-960a-5b4a9372a355">
    </UnitTestResult>
    <UnitTestResult executionId="6896200e-39b8-4357-ac8f-1360d0c94327" testId="a69c8959-0c41-eb3f-e599-c2634965f942" testName="DeveRetornar2ParaA" computerName="EVANDRO-PC" duration="00:00:00.0004283" startTime="2012-01-27T13:28:17.1629953-02:00" endTime="2012-01-27T13:28:17.1699957-02:00" testType="13cdc9d9-ddb5-4fa4-a97d-d965ccfc6d4b" outcome="Passed" testListId="8c84fa94-04c1-424b-9868-57a2d4851a1d" relativeResultsDirectory="6896200e-39b8-4357-ac8f-1360d0c94327">
    </UnitTestResult>
    <UnitTestResult executionId="f17b41be-c253-49f7-8d75-4a94fc77a060" testId="f00d0e02-3a30-9fd2-667f-e18e0e68c89b" testName="TesteTecsystemTecnologiaEmSoftware" computerName="EVANDRO-PC" duration="00:00:00.0003148" startTime="2012-01-27T13:28:17.1779961-02:00" endTime="2012-01-27T13:28:17.1839965-02:00" testType="13cdc9d9-ddb5-4fa4-a97d-d965ccfc6d4b" outcome="Passed" testListId="8c84fa94-04c1-424b-9868-57a2d4851a1d" relativeResultsDirectory="f17b41be-c253-49f7-8d75-4a94fc77a060">
    </UnitTestResult>
    <UnitTestResult executionId="3b645a64-a096-42e4-a69f-dcb74cbb0951" testId="f52979f1-bbd7-da7b-69e4-57877008dccf" testName="DeveRetornar22ParaB" computerName="EVANDRO-PC" duration="00:00:00.0003282" startTime="2012-01-27T13:28:17.1919969-02:00" endTime="2012-01-27T13:28:17.1959972-02:00" testType="13cdc9d9-ddb5-4fa4-a97d-d965ccfc6d4b" outcome="Passed" testListId="8c84fa94-04c1-424b-9868-57a2d4851a1d" relativeResultsDirectory="3b645a64-a096-42e4-a69f-dcb74cbb0951">
    </UnitTestResult>
  </Results>
</TestRun>