<?xml version="1.0" encoding="UTF-8"?>
<TestRun id="750f6c5a-a8e5-48d1-9325-1cd37ba4d8dd" name="Evandro@EVANDRO-PC 2012-02-03 13:39:02" runUser="Evandro-PC\Evandro" xmlns="http://microsoft.com/schemas/VisualStudio/TeamTest/2010">
  <TestSettings name="Local" id="e69edb5e-b0a5-4ab0-9474-5312592fd514">
    <Description>These are default test settings for a local test run.</Description>
    <Deployment enabled="false" runDeploymentRoot="Evandro_EVANDRO-PC 2012-02-03 13_39_02" />
    <Execution>
      <TestTypeSpecific />
      <AgentRule name="Execution Agents">
      </AgentRule>
    </Execution>
  </TestSettings>
  <Times creation="2012-02-03T13:39:02.0853050-02:00" queuing="2012-02-03T13:39:02.1903110-02:00" start="2012-02-03T13:39:02.4533261-02:00" finish="2012-02-03T13:39:03.1463657-02:00" />
  <ResultSummary outcome="Failed">
    <Counters total="4" executed="4" passed="2" error="0" failed="2" timeout="0" aborted="0" inconclusive="0" passedButRunAborted="0" notRunnable="0" notExecuted="0" disconnected="0" warning="0" completed="0" inProgress="0" pending="0" />
  </ResultSummary>
  <TestDefinitions>
    <UnitTest name="TestJunior" storage="c:\users\evandro\desktop\autoreslivrostest\autoreslivrostest\bin\debug\autoreslivrostest.dll" id="3dc6ce07-7fbd-0801-025c-4f53138408a3">
      <Execution id="fa61de66-dbc1-4406-8a25-ad4e242ef0a2" />
      <TestMethod codeBase="C:/Users/Evandro/Desktop/AutoresLivrosTest/AutoresLivrosTest/bin/Debug/AutoresLivrosTest.DLL" adapterTypeName="Microsoft.VisualStudio.TestTools.TestTypes.Unit.UnitTestAdapter, Microsoft.VisualStudio.QualityTools.Tips.UnitTest.Adapter, Version=10.0.0.0, Culture=neutral, PublicKeyToken=b03f5f7f11d50a3a" className="AutoresLivrosTest.AutoresTest, AutoresLivrosTest, Version=1.0.0.0, Culture=neutral, PublicKeyToken=null" name="TestJunior" />
    </UnitTest>
    <UnitTest name="TestPedroJoaoDaSilva" storage="c:\users\evandro\desktop\autoreslivrostest\autoreslivrostest\bin\debug\autoreslivrostest.dll" id="1cea87db-8a4d-d9f2-5599-71beffe536de">
      <Execution id="2c3e1aaa-d0df-4fdd-8330-ab14ceacd63c" />
      <TestMethod codeBase="C:/Users/Evandro/Desktop/AutoresLivrosTest/AutoresLivrosTest/bin/Debug/AutoresLivrosTest.DLL" adapterTypeName="Microsoft.VisualStudio.TestTools.TestTypes.Unit.UnitTestAdapter, Microsoft.VisualStudio.QualityTools.Tips.UnitTest.Adapter, Version=10.0.0.0, Culture=neutral, PublicKeyToken=b03f5f7f11d50a3a" className="AutoresLivrosTest.AutoresTest, AutoresLivrosTest, Version=1.0.0.0, Culture=neutral, PublicKeyToken=null" name="TestPedroJoaoDaSilva" />
    </UnitTest>
    <UnitTest name="TestDeveRetornarSomenteNome" storage="c:\users\evandro\desktop\autoreslivrostest\autoreslivrostest\bin\debug\autoreslivrostest.dll" id="2ae87283-495d-6455-fa7b-b6d749ef575d">
      <Execution id="806f1fdc-3195-4c6f-82fc-7f9d4e3fb2eb" />
      <TestMethod codeBase="C:/Users/Evandro/Desktop/AutoresLivrosTest/AutoresLivrosTest/bin/Debug/AutoresLivrosTest.DLL" adapterTypeName="Microsoft.VisualStudio.TestTools.TestTypes.Unit.UnitTestAdapter, Microsoft.VisualStudio.QualityTools.Tips.UnitTest.Adapter, Version=10.0.0.0, Culture=neutral, PublicKeyToken=b03f5f7f11d50a3a" className="AutoresLivrosTest.AutoresTest, AutoresLivrosTest, Version=1.0.0.0, Culture=neutral, PublicKeyToken=null" name="TestDeveRetornarSomenteNome" />
    </UnitTest>
    <UnitTest name="TestDeveRetornarSILVAJoaoQuandoJoaoSilva" storage="c:\users\evandro\desktop\autoreslivrostest\autoreslivrostest\bin\debug\autoreslivrostest.dll" id="efe0f134-120c-7ec6-8857-d2754fb0dc38">
      <Execution id="63258481-61ba-4bdb-a8b4-68c80f481eb8" />
      <TestMethod codeBase="C:/Users/Evandro/Desktop/AutoresLivrosTest/AutoresLivrosTest/bin/Debug/AutoresLivrosTest.DLL" adapterTypeName="Microsoft.VisualStudio.TestTools.TestTypes.Unit.UnitTestAdapter, Microsoft.VisualStudio.QualityTools.Tips.UnitTest.Adapter, Version=10.0.0.0, Culture=neutral, PublicKeyToken=b03f5f7f11d50a3a" className="AutoresLivrosTest.AutoresTest, AutoresLivrosTest, Version=1.0.0.0, Culture=neutral, PublicKeyToken=null" name="TestDeveRetornarSILVAJoaoQuandoJoaoSilva" />
    </UnitTest>
  </TestDefinitions>
  <TestLists>
    <TestList name="Results Not in a List" id="8c84fa94-04c1-424b-9868-57a2d4851a1d" />
    <TestList name="All Loaded Results" id="19431567-8539-422a-85d7-44ee4e166bda" />
  </TestLists>
  <TestEntries>
    <TestEntry testId="1cea87db-8a4d-d9f2-5599-71beffe536de" executionId="2c3e1aaa-d0df-4fdd-8330-ab14ceacd63c" testListId="8c84fa94-04c1-424b-9868-57a2d4851a1d" />
    <TestEntry testId="2ae87283-495d-6455-fa7b-b6d749ef575d" executionId="806f1fdc-3195-4c6f-82fc-7f9d4e3fb2eb" testListId="8c84fa94-04c1-424b-9868-57a2d4851a1d" />
    <TestEntry testId="3dc6ce07-7fbd-0801-025c-4f53138408a3" executionId="fa61de66-dbc1-4406-8a25-ad4e242ef0a2" testListId="8c84fa94-04c1-424b-9868-57a2d4851a1d" />
    <TestEntry testId="efe0f134-120c-7ec6-8857-d2754fb0dc38" executionId="63258481-61ba-4bdb-a8b4-68c80f481eb8" testListId="8c84fa94-04c1-424b-9868-57a2d4851a1d" />
  </TestEntries>
  <Results>
    <UnitTestResult executionId="2c3e1aaa-d0df-4fdd-8330-ab14ceacd63c" testId="1cea87db-8a4d-d9f2-5599-71beffe536de" testName="TestPedroJoaoDaSilva" computerName="EVANDRO-PC" duration="00:00:00.0779695" startTime="2012-02-03T13:39:02.4553262-02:00" endTime="2012-02-03T13:39:03.0493602-02:00" testType="13cdc9d9-ddb5-4fa4-a97d-d965ccfc6d4b" outcome="Failed" testListId="8c84fa94-04c1-424b-9868-57a2d4851a1d" relativeResultsDirectory="2c3e1aaa-d0df-4fdd-8330-ab14ceacd63c">
      <Output>
        <ErrorInfo>
          <Message>Assert.AreEqual failed. Expected:&lt;Silva, PedroJoao&gt;. Actual:&lt;SILVA, Pedro Joao da&gt;. </Message>
          <StackTrace>   at AutoresLivrosTest.AutoresTest.TestPedroJoaoDaSilva() in C:\Users\Evandro\Desktop\AutoresLivrosTest\AutoresLivrosTest\UnitTest1.cs:line 90
</StackTrace>
        </ErrorInfo>
      </Output>
    </UnitTestResult>
    <UnitTestResult executionId="806f1fdc-3195-4c6f-82fc-7f9d4e3fb2eb" testId="2ae87283-495d-6455-fa7b-b6d749ef575d" testName="TestDeveRetornarSomenteNome" computerName="EVANDRO-PC" duration="00:00:00.0003886" startTime="2012-02-03T13:39:03.0613609-02:00" endTime="2012-02-03T13:39:03.0663612-02:00" testType="13cdc9d9-ddb5-4fa4-a97d-d965ccfc6d4b" outcome="Passed" testListId="8c84fa94-04c1-424b-9868-57a2d4851a1d" relativeResultsDirectory="806f1fdc-3195-4c6f-82fc-7f9d4e3fb2eb">
    </UnitTestResult>
    <UnitTestResult executionId="fa61de66-dbc1-4406-8a25-ad4e242ef0a2" testId="3dc6ce07-7fbd-0801-025c-4f53138408a3" testName="TestJunior" computerName="EVANDRO-PC" duration="00:00:00.0003634" startTime="2012-02-03T13:39:03.0773618-02:00" endTime="2012-02-03T13:39:03.0833621-02:00" testType="13cdc9d9-ddb5-4fa4-a97d-d965ccfc6d4b" outcome="Passed" testListId="8c84fa94-04c1-424b-9868-57a2d4851a1d" relativeResultsDirectory="fa61de66-dbc1-4406-8a25-ad4e242ef0a2">
    </UnitTestResult>
    <UnitTestResult executionId="63258481-61ba-4bdb-a8b4-68c80f481eb8" testId="efe0f134-120c-7ec6-8857-d2754fb0dc38" testName="TestDeveRetornarSILVAJoaoQuandoJoaoSilva" computerName="EVANDRO-PC" duration="00:00:00.0029775" startTime="2012-02-03T13:39:03.0933627-02:00" endTime="2012-02-03T13:39:03.1023632-02:00" testType="13cdc9d9-ddb5-4fa4-a97d-d965ccfc6d4b" outcome="Failed" testListId="8c84fa94-04c1-424b-9868-57a2d4851a1d" relativeResultsDirectory="63258481-61ba-4bdb-a8b4-68c80f481eb8">
      <Output>
        <ErrorInfo>
          <Message>Assert.AreEqual failed. Expected:&lt;SILVA, Joao&gt;. Actual:&lt;Silva, &gt;. </Message>
          <StackTrace>   at AutoresLivrosTest.AutoresTest.TestDeveRetornarSILVAJoaoQuandoJoaoSilva() in C:\Users\Evandro\Desktop\AutoresLivrosTest\AutoresLivrosTest\UnitTest1.cs:line 66
</StackTrace>
        </ErrorInfo>
      </Output>
    </UnitTestResult>
  </Results>
</TestRun>